=== NXP Cup build Tue Jun  9 15:40:41 MEDT 2026 ===
GCC  : /c/NXP/S32DS.3.6.5/S32DS/build_tools/gcc_v10.2/gcc-10.2-arm32-eabi/bin
Make : /c/NXP/S32DS.3.6.5/